// Jest Snapshot v1, https://goo.gl/fbAQLP

exports[`<Stack /> should render as expected 1`] = `
<div>
  <div
    class="css-0"
  >
    <li
      class="css-1lxwves"
    >
      <p
        class="css-fzcsno"
      >
        Test One
      </p>
    </li>
    <li
      class="css-kuxuyf"
    >
      <p
        class="css-fzcsno"
      >
        Test Two
      </p>
    </li>
    <li
      class="css-kuxuyf"
    >
      <p
        class="css-fzcsno"
      >
        Test Three
      </p>
    </li>
  </div>
</div>
`;
