// Jest Snapshot v1, https://goo.gl/fbAQLP

exports[`<Tabs /> should render as expected 1`] = `
<div>
  <div
    class="css-0"
  >
    <div
      aria-orientation="horizontal"
      class="css-1dxxh68"
      role="tablist"
    >
      <button
        aria-controls="panel:1-0"
        aria-selected="true"
        class="css-1kt89oh"
        id="tab:1-0"
        role="tab"
        tabindex="0"
        type="button"
      >
        Tab0
      </button>
      <button
        aria-controls="panel:1-1"
        aria-selected="false"
        class="css-1kt89oh"
        id="tab:1-1"
        role="tab"
        tabindex="-1"
        type="button"
      >
        Tab1
      </button>
      <button
        aria-controls="panel:1-2"
        aria-selected="false"
        class="css-1kt89oh"
        id="tab:1-2"
        role="tab"
        tabindex="-1"
        type="button"
      >
        Tab2
      </button>
    </div>
    <div
      class="css-0"
      tabindex="-1"
    >
      <div
        aria-labelledby="tab:undefined"
        class="css-1jj07fx"
        id="panel:undefined"
        role="tabpanel"
        tabindex="-1"
      >
        Panel0
      </div>
      <div
        aria-labelledby="tab:undefined"
        class="css-1jj07fx"
        hidden=""
        id="panel:undefined"
        role="tabpanel"
        tabindex="-1"
      >
        Panel1
      </div>
      <div
        aria-labelledby="tab:undefined"
        class="css-1jj07fx"
        hidden=""
        id="panel:undefined"
        role="tabpanel"
        tabindex="-1"
      >
        Panel2
      </div>
    </div>
  </div>
</div>
`;
