// Jest Snapshot v1, https://goo.gl/fbAQLP

exports[`<Tab /> should render as expected 1`] = `
<div>
  <div
    class="css-0"
  >
    <div
      aria-orientation="horizontal"
      class="css-1dxxh68"
      role="tablist"
    >
      <button
        aria-controls="panel:1-0"
        aria-selected="true"
        class="css-1kt89oh"
        id="tab:1-0"
        role="tab"
        tabindex="0"
        type="button"
      >
        Tab1
      </button>
    </div>
  </div>
</div>
`;
