// Jest Snapshot v1, https://goo.gl/fbAQLP

exports[`<Input /> should render without errors 1`] = `
<DocumentFragment>
  <div
    class="css-0"
    role="group"
  >
    <div
      class="css-0"
    >
      <li
        class="css-1lxwves"
      >
        <label
          class="css-hny2kg"
          for="input"
        >
          label
        </label>
      </li>
      <li
        class="css-qzdso"
      />
      <li
        class="css-qzdso"
      >
        <input
          aria-describedby="aria describedby"
          aria-disabled="false"
          aria-invalid="false"
          aria-label="aria label"
          aria-readonly="false"
          aria-required="false"
          class="css-1az41tb"
          id="input"
        />
      </li>
      <li
        class="css-qzdso"
      />
    </div>
  </div>
</DocumentFragment>
`;
