// Jest Snapshot v1, https://goo.gl/fbAQLP

exports[`<Table /> should render as expected 1`] = `
<DocumentFragment>
  <div
    class="sc-AxjAm jRogrB"
    display="inline-block"
    role="table"
  >
    <div
      class="sc-AxirZ ktnnZK"
    >
      <div
        class="sc-AxhCb ebjOuw"
        font-weight="bold"
        role="row"
        style="display: flex; width: 400px;"
      >
        <div
          class="sc-AxhUy hQjaFy"
          colspan="1"
          role="columnheader"
          style="display: inline-block; box-sizing: border-box; width: 200px; position: relative;"
        >
          Static Column
          <div
            class="sc-AxgMl cZHRPq"
            draggable="false"
            role="separator"
            style="cursor: ew-resize;"
          />
        </div>
        <div
          class="sc-AxhUy hQjaFy"
          colspan="1"
          role="columnheader"
          style="display: inline-block; box-sizing: border-box; width: 200px; position: relative;"
        >
          Dynamic Render Column
          <div
            class="sc-AxgMl cZHRPq"
            draggable="false"
            role="separator"
            style="cursor: ew-resize;"
          />
        </div>
      </div>
    </div>
    <div
      class="sc-AxiKw bOTXee"
      role="rowgroup"
    >
      <div
        class="sc-AxhCb dwDstZ"
        role="row"
        style="display: flex; width: 400px;"
      >
        <div
          class="sc-AxhUy hQjaFy"
          role="cell"
          style="display: inline-block; box-sizing: border-box; width: 200px;"
        >
          lorem
        </div>
        <div
          class="sc-AxhUy hQjaFy"
          role="cell"
          style="display: inline-block; box-sizing: border-box; width: 200px;"
        >
          <b>
            lipsum
          </b>
        </div>
      </div>
      <div
        class="sc-AxhCb dwDstZ"
        role="row"
        style="display: flex; width: 400px;"
      >
        <div
          class="sc-AxhUy hQjaFy"
          role="cell"
          style="display: inline-block; box-sizing: border-box; width: 200px;"
        >
          dolor
        </div>
        <div
          class="sc-AxhUy hQjaFy"
          role="cell"
          style="display: inline-block; box-sizing: border-box; width: 200px;"
        >
          <b>
            sit
          </b>
        </div>
      </div>
    </div>
  </div>
</DocumentFragment>
`;
